1 AlreadyInitialized
2 NotInitialized
3 NotAuthorized
4 NotRegistered
5 AlreadyVerified
6 NotVerified
7 Paused
8 CooldownActive
9 InvalidVersion
10 InvalidRole
11 InvalidUsername
12 AttestationExpired
13 UnattestedWasm
14 InvalidBatchSize
15 InvalidReasonCode
16 ZeroAddress
17 ChallengeAlreadyActive
18 NoChallengeActive
19 ChallengeNotResolvable
20 ChallengeActive
21 InvalidPauseReason
22 AlreadyReserved
23 NotReserved
24 UsernameReserved
25 ReservedListFull
26 AdminTransferPending
27 AdminTransferDelayActive
28 NoPendingAdminTransfer
29 AttestationRequired
30 NetworkMismatch
31 VerifierAllowlistFull
32 VerifierNotAllowlisted
33 VerifierExpiryInPast
34 NoPendingRoleGrant
35 RoleGrantNotReady
36 ProvenanceMissing
37 ProvenanceMismatch
